<?xml version="1.0"?>

 <ns1:foobar xmlns:ns1="http://some/namespace/uri"/>

