<?xml version="1.0"?>
<doc xmlns="ns1" xmlns:ns1="ns1" ns1:attr="foo!"/>
