<?xml version="1.0"?>
<indexdoc>
  <primaryterm>Main Menu</primaryterm>
  <secondaryterm></secondaryterm>
  <tertiaryterm></tertiaryterm>
  <primaryterm>Panel</primaryterm>
  <secondaryterm></secondaryterm>
  <tertiaryterm></tertiaryterm>
  <primaryterm>Panel</primaryterm>
  <secondaryterm>Auto-hide</secondaryterm>
  <tertiaryterm></tertiaryterm>
  <primaryterm>Panel</primaryterm>
  <secondaryterm>Background</secondaryterm>
  <tertiaryterm></tertiaryterm>
  <primaryterm>Panel</primaryterm>
  <secondaryterm>Hide Buttons</secondaryterm>
  <tertiaryterm></tertiaryterm>
  <primaryterm>Panel</primaryterm>
  <secondaryterm>Hiding</secondaryterm>
  <tertiaryterm></tertiaryterm>
  <primaryterm>Panel</primaryterm>
  <secondaryterm>Individual Panel Properties</secondaryterm>
  <tertiaryterm></tertiaryterm>
  <primaryterm>Panel</primaryterm>
  <secondaryterm>Properties</secondaryterm>
  <tertiaryterm></tertiaryterm>
</indexdoc>
